0 verbose cli C:\Program Files\nodejs\node.exe C:\Program Files\nodejs\node_modules\npm\bin\npm-cli.js
1 info using npm@11.11.0
2 info using node@v24.14.1
3 silly config load:file:C:\Program Files\nodejs\node_modules\npm\npmrc
4 silly config load:file:C:\Users\Ferdi\Desktop\NFC Family new\.npmrc
5 silly config load:file:C:\Users\Ferdi\.npmrc
6 silly config load:file:C:\Users\Ferdi\AppData\Roaming\npm\etc\npmrc
7 verbose title npm install
8 verbose argv "install" "--package-lock" "false"
9 verbose logfile logs-max:10 dir:C:\Users\Ferdi\Desktop\NFC Family new\.npm-cache\_logs\2026-06-25T08_19_44_646Z-
10 verbose logfile C:\Users\Ferdi\Desktop\NFC Family new\.npm-cache\_logs\2026-06-25T08_19_44_646Z-debug-0.log
11 silly logfile done cleaning log files
12 silly packumentCache heap:4496293888 maxSize:1124073472 maxEntrySize:562036736
13 silly idealTree buildDeps
14 silly fetch manifest framer-motion@^12.41.0
15 silly packumentCache full:https://registry.npmjs.org/framer-motion cache-miss
16 http cache https://registry.npmjs.org/framer-motion 21ms (cache hit)
17 silly packumentCache full:https://registry.npmjs.org/framer-motion set size:10017677 disposed:false
18 silly fetch manifest @emotion/is-prop-valid@*
19 silly packumentCache full:https://registry.npmjs.org/@emotion%2fis-prop-valid cache-miss
20 http fetch GET 200 https://registry.npmjs.org/@emotion%2fis-prop-valid 113ms (cache miss)
21 silly packumentCache full:https://registry.npmjs.org/@emotion%2fis-prop-valid set size:undefined disposed:false
22 silly fetch manifest react@^19.2.7
23 silly packumentCache full:https://registry.npmjs.org/react cache-miss
24 http cache https://registry.npmjs.org/react 13ms (cache hit)
25 silly packumentCache full:https://registry.npmjs.org/react set size:6733629 disposed:false
26 silly fetch manifest react-dom@^19.2.7
27 silly packumentCache full:https://registry.npmjs.org/react-dom cache-miss
28 http cache https://registry.npmjs.org/react-dom 14ms (cache hit)
29 silly packumentCache full:https://registry.npmjs.org/react-dom set size:9003652 disposed:false
30 silly fetch manifest next@16.2.9
31 silly packumentCache full:https://registry.npmjs.org/next cache-miss
32 http cache https://registry.npmjs.org/next 41ms (cache hit)
33 silly packumentCache full:https://registry.npmjs.org/next set size:30867444 disposed:false
34 silly fetch manifest @opentelemetry/api@^1.1.0
35 silly packumentCache full:https://registry.npmjs.org/@opentelemetry%2fapi cache-miss
36 http fetch GET 200 https://registry.npmjs.org/@opentelemetry%2fapi 227ms (cache miss)
37 silly packumentCache full:https://registry.npmjs.org/@opentelemetry%2fapi set size:undefined disposed:false
38 silly fetch manifest @playwright/test@^1.51.1
39 silly packumentCache full:https://registry.npmjs.org/@playwright%2ftest cache-miss
40 http fetch GET 200 https://registry.npmjs.org/@playwright%2ftest 221ms (cache miss)
41 silly packumentCache full:https://registry.npmjs.org/@playwright%2ftest set size:undefined disposed:false
42 silly fetch manifest babel-plugin-react-compiler@*
43 silly packumentCache full:https://registry.npmjs.org/babel-plugin-react-compiler cache-miss
44 http fetch GET 200 https://registry.npmjs.org/babel-plugin-react-compiler 63ms (cache miss)
45 silly packumentCache full:https://registry.npmjs.org/babel-plugin-react-compiler set size:undefined disposed:false
46 silly fetch manifest sass@^1.3.0
47 silly packumentCache full:https://registry.npmjs.org/sass cache-miss
48 http fetch GET 200 https://registry.npmjs.org/sass 65ms (cache miss)
49 silly packumentCache full:https://registry.npmjs.org/sass set size:undefined disposed:false
50 silly fetch manifest @types/node@^26.0.0
51 silly packumentCache full:https://registry.npmjs.org/@types%2fnode cache-miss
52 http fetch GET 200 https://registry.npmjs.org/@types%2fnode 200ms (cache miss)
53 silly packumentCache full:https://registry.npmjs.org/@types%2fnode set size:undefined disposed:false
54 silly fetch manifest typescript@^6.0.3
55 silly packumentCache full:https://registry.npmjs.org/typescript cache-miss
56 http fetch GET 200 https://registry.npmjs.org/typescript 262ms (cache miss)
57 silly packumentCache full:https://registry.npmjs.org/typescript set size:undefined disposed:false
58 silly placeDep ROOT @types/node@26.0.1 REPLACE for: nfc-family-site@0.1.0 want: ^26.0.0
59 silly placeDep ROOT framer-motion@12.41.0 REPLACE for: nfc-family-site@0.1.0 want: ^12.41.0
60 silly placeDep ROOT next@16.2.9 REPLACE for: nfc-family-site@0.1.0 want: 16.2.9
61 silly placeDep ROOT typescript@6.0.3 REPLACE for: nfc-family-site@0.1.0 want: ^6.0.3
62 silly fetch manifest undici-types@~8.3.0
63 silly packumentCache full:https://registry.npmjs.org/undici-types cache-miss
64 silly fetch manifest motion-dom@^12.41.0
65 silly packumentCache full:https://registry.npmjs.org/motion-dom cache-miss
66 silly fetch manifest motion-utils@^12.39.0
67 silly packumentCache full:https://registry.npmjs.org/motion-utils cache-miss
68 silly fetch manifest @next/env@16.2.9
69 silly packumentCache full:https://registry.npmjs.org/@next%2fenv cache-miss
70 silly fetch manifest baseline-browser-mapping@^2.9.19
71 silly packumentCache full:https://registry.npmjs.org/baseline-browser-mapping cache-miss
72 silly fetch manifest @next/swc-darwin-x64@16.2.9
73 silly packumentCache full:https://registry.npmjs.org/@next%2fswc-darwin-x64 cache-miss
74 silly fetch manifest @next/swc-darwin-arm64@16.2.9
75 silly packumentCache full:https://registry.npmjs.org/@next%2fswc-darwin-arm64 cache-miss
76 silly fetch manifest @next/swc-linux-x64-gnu@16.2.9
77 silly packumentCache full:https://registry.npmjs.org/@next%2fswc-linux-x64-gnu cache-miss
78 silly fetch manifest @next/swc-linux-x64-musl@16.2.9
79 silly packumentCache full:https://registry.npmjs.org/@next%2fswc-linux-x64-musl cache-miss
80 silly fetch manifest @next/swc-win32-x64-msvc@16.2.9
81 silly packumentCache full:https://registry.npmjs.org/@next%2fswc-win32-x64-msvc cache-miss
82 silly fetch manifest @next/swc-linux-arm64-gnu@16.2.9
83 silly packumentCache full:https://registry.npmjs.org/@next%2fswc-linux-arm64-gnu cache-miss
84 silly fetch manifest @next/swc-linux-arm64-musl@16.2.9
85 silly packumentCache full:https://registry.npmjs.org/@next%2fswc-linux-arm64-musl cache-miss
86 silly fetch manifest @next/swc-win32-arm64-msvc@16.2.9
87 silly packumentCache full:https://registry.npmjs.org/@next%2fswc-win32-arm64-msvc cache-miss
88 http fetch GET 200 https://registry.npmjs.org/undici-types 42ms (cache miss)
89 silly packumentCache full:https://registry.npmjs.org/undici-types set size:undefined disposed:false
90 http fetch GET 200 https://registry.npmjs.org/motion-utils 65ms (cache miss)
91 silly packumentCache full:https://registry.npmjs.org/motion-utils set size:undefined disposed:false
92 http fetch GET 200 https://registry.npmjs.org/baseline-browser-mapping 73ms (cache miss)
93 silly packumentCache full:https://registry.npmjs.org/baseline-browser-mapping set size:undefined disposed:false
94 http fetch GET 200 https://registry.npmjs.org/motion-dom 81ms (cache miss)
95 silly packumentCache full:https://registry.npmjs.org/motion-dom set size:undefined disposed:false
96 http fetch GET 200 https://registry.npmjs.org/@next%2fswc-linux-arm64-musl 500ms (cache miss)
97 silly packumentCache full:https://registry.npmjs.org/@next%2fswc-linux-arm64-musl set size:undefined disposed:false
98 http fetch GET 200 https://registry.npmjs.org/@next%2fswc-linux-arm64-gnu 525ms (cache miss)
99 silly packumentCache full:https://registry.npmjs.org/@next%2fswc-linux-arm64-gnu set size:undefined disposed:false
100 http fetch GET 200 https://registry.npmjs.org/@next%2fswc-darwin-x64 543ms (cache miss)
101 silly packumentCache full:https://registry.npmjs.org/@next%2fswc-darwin-x64 set size:undefined disposed:false
102 http fetch GET 200 https://registry.npmjs.org/@next%2fenv 585ms (cache miss)
103 silly packumentCache full:https://registry.npmjs.org/@next%2fenv set size:undefined disposed:false
104 http fetch GET 200 https://registry.npmjs.org/@next%2fswc-linux-x64-musl 754ms (cache miss)
105 silly packumentCache full:https://registry.npmjs.org/@next%2fswc-linux-x64-musl set size:undefined disposed:false
106 http fetch GET 200 https://registry.npmjs.org/@next%2fswc-win32-x64-msvc 789ms (cache miss)
107 silly packumentCache full:https://registry.npmjs.org/@next%2fswc-win32-x64-msvc set size:undefined disposed:false
108 http fetch GET 200 https://registry.npmjs.org/@next%2fswc-darwin-arm64 801ms (cache miss)
109 silly packumentCache full:https://registry.npmjs.org/@next%2fswc-darwin-arm64 set size:undefined disposed:false
110 http fetch GET 200 https://registry.npmjs.org/@next%2fswc-linux-x64-gnu 815ms (cache miss)
111 silly packumentCache full:https://registry.npmjs.org/@next%2fswc-linux-x64-gnu set size:undefined disposed:false
112 http fetch GET 200 https://registry.npmjs.org/@next%2fswc-win32-arm64-msvc 874ms (cache miss)
113 silly packumentCache full:https://registry.npmjs.org/@next%2fswc-win32-arm64-msvc set size:undefined disposed:false
114 silly placeDep ROOT undici-types@8.3.0 OK for: @types/node@26.0.1 want: ~8.3.0
115 silly placeDep ROOT motion-dom@12.41.0 OK for: framer-motion@12.41.0 want: ^12.41.0
116 silly placeDep ROOT motion-utils@12.39.0 OK for: framer-motion@12.41.0 want: ^12.39.0
117 silly placeDep ROOT @next/env@16.2.9 OK for: next@16.2.9 want: 16.2.9
118 silly placeDep ROOT @next/swc-darwin-arm64@16.2.9 OK for: next@16.2.9 want: 16.2.9
119 silly placeDep ROOT @next/swc-darwin-x64@16.2.9 OK for: next@16.2.9 want: 16.2.9
120 silly placeDep ROOT @next/swc-linux-arm64-gnu@16.2.9 OK for: next@16.2.9 want: 16.2.9
121 silly placeDep ROOT @next/swc-linux-arm64-musl@16.2.9 OK for: next@16.2.9 want: 16.2.9
122 silly placeDep ROOT @next/swc-linux-x64-gnu@16.2.9 OK for: next@16.2.9 want: 16.2.9
123 silly placeDep ROOT @next/swc-linux-x64-musl@16.2.9 OK for: next@16.2.9 want: 16.2.9
124 silly placeDep ROOT @next/swc-win32-arm64-msvc@16.2.9 OK for: next@16.2.9 want: 16.2.9
125 silly placeDep ROOT @next/swc-win32-x64-msvc@16.2.9 OK for: next@16.2.9 want: 16.2.9
126 silly placeDep ROOT baseline-browser-mapping@2.10.38 OK for: next@16.2.9 want: ^2.9.19
127 silly fetch manifest @img/sharp-darwin-arm64@0.34.5
128 silly packumentCache full:https://registry.npmjs.org/@img%2fsharp-darwin-arm64 cache-miss
129 http fetch GET 200 https://registry.npmjs.org/@img%2fsharp-darwin-arm64 334ms (cache miss)
130 silly packumentCache full:https://registry.npmjs.org/@img%2fsharp-darwin-arm64 set size:undefined disposed:false
131 silly fetch manifest @img/sharp-darwin-x64@0.34.5
132 silly packumentCache full:https://registry.npmjs.org/@img%2fsharp-darwin-x64 cache-miss
133 http fetch GET 200 https://registry.npmjs.org/@img%2fsharp-darwin-x64 223ms (cache miss)
134 silly packumentCache full:https://registry.npmjs.org/@img%2fsharp-darwin-x64 set size:undefined disposed:false
135 silly fetch manifest @img/sharp-libvips-darwin-arm64@1.2.4
136 silly packumentCache full:https://registry.npmjs.org/@img%2fsharp-libvips-darwin-arm64 cache-miss
137 http fetch GET 200 https://registry.npmjs.org/@img%2fsharp-libvips-darwin-arm64 38ms (cache miss)
138 silly packumentCache full:https://registry.npmjs.org/@img%2fsharp-libvips-darwin-arm64 set size:undefined disposed:false
139 silly fetch manifest @img/sharp-libvips-darwin-x64@1.2.4
140 silly packumentCache full:https://registry.npmjs.org/@img%2fsharp-libvips-darwin-x64 cache-miss
141 http fetch GET 200 https://registry.npmjs.org/@img%2fsharp-libvips-darwin-x64 53ms (cache miss)
142 silly packumentCache full:https://registry.npmjs.org/@img%2fsharp-libvips-darwin-x64 set size:undefined disposed:false
143 silly fetch manifest @img/sharp-libvips-linux-arm@1.2.4
144 silly packumentCache full:https://registry.npmjs.org/@img%2fsharp-libvips-linux-arm cache-miss
145 http fetch GET 200 https://registry.npmjs.org/@img%2fsharp-libvips-linux-arm 230ms (cache miss)
146 silly packumentCache full:https://registry.npmjs.org/@img%2fsharp-libvips-linux-arm set size:undefined disposed:false
147 silly fetch manifest @img/sharp-libvips-linux-arm64@1.2.4
148 silly packumentCache full:https://registry.npmjs.org/@img%2fsharp-libvips-linux-arm64 cache-miss
149 http fetch GET 200 https://registry.npmjs.org/@img%2fsharp-libvips-linux-arm64 255ms (cache miss)
150 silly packumentCache full:https://registry.npmjs.org/@img%2fsharp-libvips-linux-arm64 set size:undefined disposed:false
151 silly fetch manifest @img/sharp-libvips-linux-ppc64@1.2.4
152 silly packumentCache full:https://registry.npmjs.org/@img%2fsharp-libvips-linux-ppc64 cache-miss
153 http fetch GET 200 https://registry.npmjs.org/@img%2fsharp-libvips-linux-ppc64 252ms (cache miss)
154 silly packumentCache full:https://registry.npmjs.org/@img%2fsharp-libvips-linux-ppc64 set size:undefined disposed:false
155 silly fetch manifest @img/sharp-libvips-linux-riscv64@1.2.4
156 silly packumentCache full:https://registry.npmjs.org/@img%2fsharp-libvips-linux-riscv64 cache-miss
157 http fetch GET 200 https://registry.npmjs.org/@img%2fsharp-libvips-linux-riscv64 553ms (cache miss)
158 silly packumentCache full:https://registry.npmjs.org/@img%2fsharp-libvips-linux-riscv64 set size:undefined disposed:false
159 silly fetch manifest @img/sharp-libvips-linux-s390x@1.2.4
160 silly packumentCache full:https://registry.npmjs.org/@img%2fsharp-libvips-linux-s390x cache-miss
161 http fetch GET 200 https://registry.npmjs.org/@img%2fsharp-libvips-linux-s390x 246ms (cache miss)
162 silly packumentCache full:https://registry.npmjs.org/@img%2fsharp-libvips-linux-s390x set size:undefined disposed:false
163 silly fetch manifest @img/sharp-libvips-linux-x64@1.2.4
164 silly packumentCache full:https://registry.npmjs.org/@img%2fsharp-libvips-linux-x64 cache-miss
165 http fetch GET 200 https://registry.npmjs.org/@img%2fsharp-libvips-linux-x64 57ms (cache miss)
166 silly packumentCache full:https://registry.npmjs.org/@img%2fsharp-libvips-linux-x64 set size:undefined disposed:false
167 silly fetch manifest @img/sharp-libvips-linuxmusl-arm64@1.2.4
168 silly packumentCache full:https://registry.npmjs.org/@img%2fsharp-libvips-linuxmusl-arm64 cache-miss
169 http fetch GET 200 https://registry.npmjs.org/@img%2fsharp-libvips-linuxmusl-arm64 85ms (cache miss)
170 silly packumentCache full:https://registry.npmjs.org/@img%2fsharp-libvips-linuxmusl-arm64 set size:undefined disposed:false
171 silly fetch manifest @img/sharp-libvips-linuxmusl-x64@1.2.4
172 silly packumentCache full:https://registry.npmjs.org/@img%2fsharp-libvips-linuxmusl-x64 cache-miss
173 http fetch GET 200 https://registry.npmjs.org/@img%2fsharp-libvips-linuxmusl-x64 55ms (cache miss)
174 silly packumentCache full:https://registry.npmjs.org/@img%2fsharp-libvips-linuxmusl-x64 set size:undefined disposed:false
175 silly fetch manifest @img/sharp-linux-arm@0.34.5
176 silly packumentCache full:https://registry.npmjs.org/@img%2fsharp-linux-arm cache-miss
177 http fetch GET 200 https://registry.npmjs.org/@img%2fsharp-linux-arm 49ms (cache miss)
178 silly packumentCache full:https://registry.npmjs.org/@img%2fsharp-linux-arm set size:undefined disposed:false
179 silly fetch manifest @img/sharp-linux-arm64@0.34.5
180 silly packumentCache full:https://registry.npmjs.org/@img%2fsharp-linux-arm64 cache-miss
181 http fetch GET 200 https://registry.npmjs.org/@img%2fsharp-linux-arm64 44ms (cache miss)
182 silly packumentCache full:https://registry.npmjs.org/@img%2fsharp-linux-arm64 set size:undefined disposed:false
183 silly fetch manifest @img/sharp-linux-ppc64@0.34.5
184 silly packumentCache full:https://registry.npmjs.org/@img%2fsharp-linux-ppc64 cache-miss
185 http fetch GET 200 https://registry.npmjs.org/@img%2fsharp-linux-ppc64 231ms (cache miss)
186 silly packumentCache full:https://registry.npmjs.org/@img%2fsharp-linux-ppc64 set size:undefined disposed:false
187 silly fetch manifest @img/sharp-linux-riscv64@0.34.5
188 silly packumentCache full:https://registry.npmjs.org/@img%2fsharp-linux-riscv64 cache-miss
189 http fetch GET 200 https://registry.npmjs.org/@img%2fsharp-linux-riscv64 550ms (cache miss)
190 silly packumentCache full:https://registry.npmjs.org/@img%2fsharp-linux-riscv64 set size:undefined disposed:false
191 silly fetch manifest @img/sharp-linux-s390x@0.34.5
192 silly packumentCache full:https://registry.npmjs.org/@img%2fsharp-linux-s390x cache-miss
193 http fetch GET 200 https://registry.npmjs.org/@img%2fsharp-linux-s390x 63ms (cache miss)
194 silly packumentCache full:https://registry.npmjs.org/@img%2fsharp-linux-s390x set size:undefined disposed:false
195 silly fetch manifest @img/sharp-linux-x64@0.34.5
196 silly packumentCache full:https://registry.npmjs.org/@img%2fsharp-linux-x64 cache-miss
197 http fetch GET 200 https://registry.npmjs.org/@img%2fsharp-linux-x64 53ms (cache miss)
198 silly packumentCache full:https://registry.npmjs.org/@img%2fsharp-linux-x64 set size:undefined disposed:false
199 silly fetch manifest @img/sharp-linuxmusl-arm64@0.34.5
200 silly packumentCache full:https://registry.npmjs.org/@img%2fsharp-linuxmusl-arm64 cache-miss
201 http fetch GET 200 https://registry.npmjs.org/@img%2fsharp-linuxmusl-arm64 227ms (cache miss)
202 silly packumentCache full:https://registry.npmjs.org/@img%2fsharp-linuxmusl-arm64 set size:undefined disposed:false
203 silly fetch manifest @img/sharp-linuxmusl-x64@0.34.5
204 silly packumentCache full:https://registry.npmjs.org/@img%2fsharp-linuxmusl-x64 cache-miss
205 http fetch GET 200 https://registry.npmjs.org/@img%2fsharp-linuxmusl-x64 59ms (cache miss)
206 silly packumentCache full:https://registry.npmjs.org/@img%2fsharp-linuxmusl-x64 set size:undefined disposed:false
207 silly fetch manifest @img/sharp-wasm32@0.34.5
208 silly packumentCache full:https://registry.npmjs.org/@img%2fsharp-wasm32 cache-miss
209 http fetch GET 200 https://registry.npmjs.org/@img%2fsharp-wasm32 88ms (cache miss)
210 silly packumentCache full:https://registry.npmjs.org/@img%2fsharp-wasm32 set size:undefined disposed:false
211 silly fetch manifest @img/sharp-win32-arm64@0.34.5
212 silly packumentCache full:https://registry.npmjs.org/@img%2fsharp-win32-arm64 cache-miss
213 http fetch GET 200 https://registry.npmjs.org/@img%2fsharp-win32-arm64 59ms (cache miss)
214 silly packumentCache full:https://registry.npmjs.org/@img%2fsharp-win32-arm64 set size:undefined disposed:false
215 silly fetch manifest @img/sharp-win32-ia32@0.34.5
216 silly packumentCache full:https://registry.npmjs.org/@img%2fsharp-win32-ia32 cache-miss
217 http fetch GET 200 https://registry.npmjs.org/@img%2fsharp-win32-ia32 61ms (cache miss)
218 silly packumentCache full:https://registry.npmjs.org/@img%2fsharp-win32-ia32 set size:undefined disposed:false
219 silly placeDep ROOT @img/sharp-darwin-arm64@0.34.5 OK for: sharp@0.34.5 want: 0.34.5
220 silly placeDep ROOT @img/sharp-darwin-x64@0.34.5 OK for: sharp@0.34.5 want: 0.34.5
221 silly placeDep ROOT @img/sharp-libvips-darwin-arm64@1.2.4 OK for: sharp@0.34.5 want: 1.2.4
222 silly placeDep ROOT @img/sharp-libvips-darwin-x64@1.2.4 OK for: sharp@0.34.5 want: 1.2.4
223 silly placeDep ROOT @img/sharp-libvips-linux-arm@1.2.4 OK for: sharp@0.34.5 want: 1.2.4
224 silly placeDep ROOT @img/sharp-libvips-linux-arm64@1.2.4 OK for: sharp@0.34.5 want: 1.2.4
225 silly placeDep ROOT @img/sharp-libvips-linux-ppc64@1.2.4 OK for: sharp@0.34.5 want: 1.2.4
226 silly placeDep ROOT @img/sharp-libvips-linux-riscv64@1.2.4 OK for: sharp@0.34.5 want: 1.2.4
227 silly placeDep ROOT @img/sharp-libvips-linux-s390x@1.2.4 OK for: sharp@0.34.5 want: 1.2.4
228 silly placeDep ROOT @img/sharp-libvips-linux-x64@1.2.4 OK for: sharp@0.34.5 want: 1.2.4
229 silly placeDep ROOT @img/sharp-libvips-linuxmusl-arm64@1.2.4 OK for: sharp@0.34.5 want: 1.2.4
230 silly placeDep ROOT @img/sharp-libvips-linuxmusl-x64@1.2.4 OK for: sharp@0.34.5 want: 1.2.4
231 silly placeDep ROOT @img/sharp-linux-arm@0.34.5 OK for: sharp@0.34.5 want: 0.34.5
232 silly placeDep ROOT @img/sharp-linux-arm64@0.34.5 OK for: sharp@0.34.5 want: 0.34.5
233 silly placeDep ROOT @img/sharp-linux-ppc64@0.34.5 OK for: sharp@0.34.5 want: 0.34.5
234 silly placeDep ROOT @img/sharp-linux-riscv64@0.34.5 OK for: sharp@0.34.5 want: 0.34.5
235 silly placeDep ROOT @img/sharp-linux-s390x@0.34.5 OK for: sharp@0.34.5 want: 0.34.5
236 silly placeDep ROOT @img/sharp-linux-x64@0.34.5 OK for: sharp@0.34.5 want: 0.34.5
237 silly placeDep ROOT @img/sharp-linuxmusl-arm64@0.34.5 OK for: sharp@0.34.5 want: 0.34.5
238 silly placeDep ROOT @img/sharp-linuxmusl-x64@0.34.5 OK for: sharp@0.34.5 want: 0.34.5
239 silly placeDep ROOT @img/sharp-wasm32@0.34.5 OK for: sharp@0.34.5 want: 0.34.5
240 silly placeDep ROOT @img/sharp-win32-arm64@0.34.5 OK for: sharp@0.34.5 want: 0.34.5
241 silly placeDep ROOT @img/sharp-win32-ia32@0.34.5 OK for: sharp@0.34.5 want: 0.34.5
242 silly fetch manifest @emnapi/runtime@^1.7.0
243 silly packumentCache full:https://registry.npmjs.org/@emnapi%2fruntime cache-miss
244 http fetch GET 200 https://registry.npmjs.org/@emnapi%2fruntime 61ms (cache miss)
245 silly packumentCache full:https://registry.npmjs.org/@emnapi%2fruntime set size:undefined disposed:false
246 silly placeDep ROOT @emnapi/runtime@1.11.1 OK for: @img/sharp-wasm32@0.34.5 want: ^1.7.0
247 silly reify mark retired [
247 silly reify   'C:\\Users\\Ferdi\\Desktop\\NFC Family new\\node_modules\\motion-dom'
247 silly reify ]
248 silly reify mark retired [
248 silly reify   'C:\\Users\\Ferdi\\Desktop\\NFC Family new\\node_modules\\framer-motion'
248 silly reify ]
249 silly reify mark retired [
249 silly reify   'C:\\Users\\Ferdi\\Desktop\\NFC Family new\\node_modules\\nanoid',
249 silly reify   'C:\\Users\\Ferdi\\Desktop\\NFC Family new\\node_modules\\.bin\\nanoid',
249 silly reify   'C:\\Users\\Ferdi\\Desktop\\NFC Family new\\node_modules\\.bin\\nanoid.cmd',
249 silly reify   'C:\\Users\\Ferdi\\Desktop\\NFC Family new\\node_modules\\.bin\\nanoid.ps1'
249 silly reify ]
250 silly reify mark retired [
250 silly reify   'C:\\Users\\Ferdi\\Desktop\\NFC Family new\\node_modules\\motion-utils'
250 silly reify ]
251 silly reify mark retired [
251 silly reify   'C:\\Users\\Ferdi\\Desktop\\NFC Family new\\node_modules\\next',
251 silly reify   'C:\\Users\\Ferdi\\Desktop\\NFC Family new\\node_modules\\.bin\\next',
251 silly reify   'C:\\Users\\Ferdi\\Desktop\\NFC Family new\\node_modules\\.bin\\next.cmd',
251 silly reify   'C:\\Users\\Ferdi\\Desktop\\NFC Family new\\node_modules\\.bin\\next.ps1'
251 silly reify ]
252 silly reify mark retired [ 'C:\\Users\\Ferdi\\Desktop\\NFC Family new\\node_modules\\busboy' ]
253 silly reify mark retired [
253 silly reify   'C:\\Users\\Ferdi\\Desktop\\NFC Family new\\node_modules\\semver',
253 silly reify   'C:\\Users\\Ferdi\\Desktop\\NFC Family new\\node_modules\\.bin\\semver',
253 silly reify   'C:\\Users\\Ferdi\\Desktop\\NFC Family new\\node_modules\\.bin\\semver.cmd',
253 silly reify   'C:\\Users\\Ferdi\\Desktop\\NFC Family new\\node_modules\\.bin\\semver.ps1'
253 silly reify ]
254 silly reify mark retired [
254 silly reify   'C:\\Users\\Ferdi\\Desktop\\NFC Family new\\node_modules\\streamsearch'
254 silly reify ]
255 silly reify mark retired [
255 silly reify   'C:\\Users\\Ferdi\\Desktop\\NFC Family new\\node_modules\\typescript',
255 silly reify   'C:\\Users\\Ferdi\\Desktop\\NFC Family new\\node_modules\\.bin\\tsc',
255 silly reify   'C:\\Users\\Ferdi\\Desktop\\NFC Family new\\node_modules\\.bin\\tsc.cmd',
255 silly reify   'C:\\Users\\Ferdi\\Desktop\\NFC Family new\\node_modules\\.bin\\tsc.ps1',
255 silly reify   'C:\\Users\\Ferdi\\Desktop\\NFC Family new\\node_modules\\.bin\\tsserver',
255 silly reify   'C:\\Users\\Ferdi\\Desktop\\NFC Family new\\node_modules\\.bin\\tsserver.cmd',
255 silly reify   'C:\\Users\\Ferdi\\Desktop\\NFC Family new\\node_modules\\.bin\\tsserver.ps1'
255 silly reify ]
256 silly reify mark retired [
256 silly reify   'C:\\Users\\Ferdi\\Desktop\\NFC Family new\\node_modules\\@swc\\counter'
256 silly reify ]
257 silly reify mark retired [
257 silly reify   'C:\\Users\\Ferdi\\Desktop\\NFC Family new\\node_modules\\@next\\swc-win32-x64-msvc'
257 silly reify ]
258 silly reify mark retired [
258 silly reify   'C:\\Users\\Ferdi\\Desktop\\NFC Family new\\node_modules\\undici-types'
258 silly reify ]
259 silly reify mark retired [
259 silly reify   'C:\\Users\\Ferdi\\Desktop\\NFC Family new\\node_modules\\@next\\env'
259 silly reify ]
260 silly reify mark retired [
260 silly reify   'C:\\Users\\Ferdi\\Desktop\\NFC Family new\\node_modules\\@types\\node'
260 silly reify ]
261 silly reify moves {
261 silly reify   'C:\\Users\\Ferdi\\Desktop\\NFC Family new\\node_modules\\motion-dom': 'C:\\Users\\Ferdi\\Desktop\\NFC Family new\\node_modules\\.motion-dom-VXGDkTj0',
261 silly reify   'C:\\Users\\Ferdi\\Desktop\\NFC Family new\\node_modules\\framer-motion': 'C:\\Users\\Ferdi\\Desktop\\NFC Family new\\node_modules\\.framer-motion-8MRErgEc',
261 silly reify   'C:\\Users\\Ferdi\\Desktop\\NFC Family new\\node_modules\\nanoid': 'C:\\Users\\Ferdi\\Desktop\\NFC Family new\\node_modules\\.nanoid-ydrDzi9R',
261 silly reify   'C:\\Users\\Ferdi\\Desktop\\NFC Family new\\node_modules\\.bin\\nanoid': 'C:\\Users\\Ferdi\\Desktop\\NFC Family new\\node_modules\\.bin\\.nanoid-3A3MUmjC',
261 silly reify   'C:\\Users\\Ferdi\\Desktop\\NFC Family new\\node_modules\\.bin\\nanoid.cmd': 'C:\\Users\\Ferdi\\Desktop\\NFC Family new\\node_modules\\.bin\\.nanoid.cmd-6t8QRQRs',
261 silly reify   'C:\\Users\\Ferdi\\Desktop\\NFC Family new\\node_modules\\.bin\\nanoid.ps1': 'C:\\Users\\Ferdi\\Desktop\\NFC Family new\\node_modules\\.bin\\.nanoid.ps1-PENKZjjH',
261 silly reify   'C:\\Users\\Ferdi\\Desktop\\NFC Family new\\node_modules\\motion-utils': 'C:\\Users\\Ferdi\\Desktop\\NFC Family new\\node_modules\\.motion-utils-6SP3PyTG',
261 silly reify   'C:\\Users\\Ferdi\\Desktop\\NFC Family new\\node_modules\\next': 'C:\\Users\\Ferdi\\Desktop\\NFC Family new\\node_modules\\.next-L3Yru3ER',
261 silly reify   'C:\\Users\\Ferdi\\Desktop\\NFC Family new\\node_modules\\.bin\\next': 'C:\\Users\\Ferdi\\Desktop\\NFC Family new\\node_modules\\.bin\\.next-RaUnD3Bj',
261 silly reify   'C:\\Users\\Ferdi\\Desktop\\NFC Family new\\node_modules\\.bin\\next.cmd': 'C:\\Users\\Ferdi\\Desktop\\NFC Family new\\node_modules\\.bin\\.next.cmd-DFY4brll',
261 silly reify   'C:\\Users\\Ferdi\\Desktop\\NFC Family new\\node_modules\\.bin\\next.ps1': 'C:\\Users\\Ferdi\\Desktop\\NFC Family new\\node_modules\\.bin\\.next.ps1-AcsoVOGT',
261 silly reify   'C:\\Users\\Ferdi\\Desktop\\NFC Family new\\node_modules\\busboy': 'C:\\Users\\Ferdi\\Desktop\\NFC Family new\\node_modules\\.busboy-GDIDXwUq',
261 silly reify   'C:\\Users\\Ferdi\\Desktop\\NFC Family new\\node_modules\\semver': 'C:\\Users\\Ferdi\\Desktop\\NFC Family new\\node_modules\\.semver-2Ey50cVa',
261 silly reify   'C:\\Users\\Ferdi\\Desktop\\NFC Family new\\node_modules\\.bin\\semver': 'C:\\Users\\Ferdi\\Desktop\\NFC Family new\\node_modules\\.bin\\.semver-lM9ZUS0y',
261 silly reify   'C:\\Users\\Ferdi\\Desktop\\NFC Family new\\node_modules\\.bin\\semver.cmd': 'C:\\Users\\Ferdi\\Desktop\\NFC Family new\\node_modules\\.bin\\.semver.cmd-ezKuN2g8',
261 silly reify   'C:\\Users\\Ferdi\\Desktop\\NFC Family new\\node_modules\\.bin\\semver.ps1': 'C:\\Users\\Ferdi\\Desktop\\NFC Family new\\node_modules\\.bin\\.semver.ps1-nDwyHPKO',
261 silly reify   'C:\\Users\\Ferdi\\Desktop\\NFC Family new\\node_modules\\streamsearch': 'C:\\Users\\Ferdi\\Desktop\\NFC Family new\\node_modules\\.streamsearch-405ydju2',
261 silly reify   'C:\\Users\\Ferdi\\Desktop\\NFC Family new\\node_modules\\typescript': 'C:\\Users\\Ferdi\\Desktop\\NFC Family new\\node_modules\\.typescript-xLJfthmc',
261 silly reify   'C:\\Users\\Ferdi\\Desktop\\NFC Family new\\node_modules\\.bin\\tsc': 'C:\\Users\\Ferdi\\Desktop\\NFC Family new\\node_modules\\.bin\\.tsc-Lcg1NtJB',
261 silly reify   'C:\\Users\\Ferdi\\Desktop\\NFC Family new\\node_modules\\.bin\\tsc.cmd': 'C:\\Users\\Ferdi\\Desktop\\NFC Family new\\node_modules\\.bin\\.tsc.cmd-7MpTSEtX',
261 silly reify   'C:\\Users\\Ferdi\\Desktop\\NFC Family new\\node_modules\\.bin\\tsc.ps1': 'C:\\Users\\Ferdi\\Desktop\\NFC Family new\\node_modules\\.bin\\.tsc.ps1-Aa3FIVxp',
261 silly reify   'C:\\Users\\Ferdi\\Desktop\\NFC Family new\\node_modules\\.bin\\tsserver': 'C:\\Users\\Ferdi\\Desktop\\NFC Family new\\node_modules\\.bin\\.tsserver-dScYhotK',
261 silly reify   'C:\\Users\\Ferdi\\Desktop\\NFC Family new\\node_modules\\.bin\\tsserver.cmd': 'C:\\Users\\Ferdi\\Desktop\\NFC Family new\\node_modules\\.bin\\.tsserver.cmd-oZb2w1Z2',
261 silly reify   'C:\\Users\\Ferdi\\Desktop\\NFC Family new\\node_modules\\.bin\\tsserver.ps1': 'C:\\Users\\Ferdi\\Desktop\\NFC Family new\\node_modules\\.bin\\.tsserver.ps1-KxQvKvHZ',
261 silly reify   'C:\\Users\\Ferdi\\Desktop\\NFC Family new\\node_modules\\@swc\\counter': 'C:\\Users\\Ferdi\\Desktop\\NFC Family new\\node_modules\\@swc\\.counter-YXAhzyZK',
261 silly reify   'C:\\Users\\Ferdi\\Desktop\\NFC Family new\\node_modules\\@next\\swc-win32-x64-msvc': 'C:\\Users\\Ferdi\\Desktop\\NFC Family new\\node_modules\\@next\\.swc-win32-x64-msvc-H5Kgwgxw',
261 silly reify   'C:\\Users\\Ferdi\\Desktop\\NFC Family new\\node_modules\\undici-types': 'C:\\Users\\Ferdi\\Desktop\\NFC Family new\\node_modules\\.undici-types-0uElBqnP',
261 silly reify   'C:\\Users\\Ferdi\\Desktop\\NFC Family new\\node_modules\\@next\\env': 'C:\\Users\\Ferdi\\Desktop\\NFC Family new\\node_modules\\@next\\.env-WrgwtLMl',
261 silly reify   'C:\\Users\\Ferdi\\Desktop\\NFC Family new\\node_modules\\@types\\node': 'C:\\Users\\Ferdi\\Desktop\\NFC Family new\\node_modules\\@types\\.node-PCUtl9CT'
261 silly reify }
262 silly audit bulk request {
262 silly audit   'caniuse-lite': [ '1.0.30001799' ],
262 silly audit   csstype: [ '3.2.3' ],
262 silly audit   'client-only': [ '0.0.1' ],
262 silly audit   'detect-libc': [ '2.1.2' ],
262 silly audit   nanoid: [ '3.3.15' ],
262 silly audit   postcss: [ '8.4.31' ],
262 silly audit   'react-dom': [ '19.2.7' ],
262 silly audit   picocolors: [ '1.1.1' ],
262 silly audit   react: [ '19.2.7' ],
262 silly audit   semver: [ '7.8.5' ],
262 silly audit   scheduler: [ '0.27.0' ],
262 silly audit   tslib: [ '2.8.1' ],
262 silly audit   'source-map-js': [ '1.2.1' ],
262 silly audit   'styled-jsx': [ '5.1.6' ],
262 silly audit   sharp: [ '0.34.5' ],
262 silly audit   '@img/colour': [ '1.1.0' ],
262 silly audit   '@img/sharp-win32-x64': [ '0.34.5' ],
262 silly audit   '@swc/helpers': [ '0.5.15' ],
262 silly audit   '@types/react-dom': [ '19.2.3' ],
262 silly audit   '@types/react': [ '19.2.17' ],
262 silly audit   '@types/node': [ '26.0.1' ],
262 silly audit   'framer-motion': [ '12.41.0' ],
262 silly audit   next: [ '16.2.9' ],
262 silly audit   typescript: [ '6.0.3' ],
262 silly audit   'undici-types': [ '8.3.0' ],
262 silly audit   'motion-dom': [ '12.41.0' ],
262 silly audit   'motion-utils': [ '12.39.0' ],
262 silly audit   '@next/env': [ '16.2.9' ],
262 silly audit   '@next/swc-darwin-arm64': [ '16.2.9' ],
262 silly audit   '@next/swc-darwin-x64': [ '16.2.9' ],
262 silly audit   '@next/swc-linux-arm64-gnu': [ '16.2.9' ],
262 silly audit   '@next/swc-linux-arm64-musl': [ '16.2.9' ],
262 silly audit   '@next/swc-linux-x64-gnu': [ '16.2.9' ],
262 silly audit   '@next/swc-linux-x64-musl': [ '16.2.9' ],
262 silly audit   '@next/swc-win32-arm64-msvc': [ '16.2.9' ],
262 silly audit   '@next/swc-win32-x64-msvc': [ '16.2.9' ],
262 silly audit   'baseline-browser-mapping': [ '2.10.38' ],
262 silly audit   '@img/sharp-darwin-arm64': [ '0.34.5' ],
262 silly audit   '@img/sharp-darwin-x64': [ '0.34.5' ],
262 silly audit   '@img/sharp-libvips-darwin-arm64': [ '1.2.4' ],
262 silly audit   '@img/sharp-libvips-darwin-x64': [ '1.2.4' ],
262 silly audit   '@img/sharp-libvips-linux-arm': [ '1.2.4' ],
262 silly audit   '@img/sharp-libvips-linux-arm64': [ '1.2.4' ],
262 silly audit   '@img/sharp-libvips-linux-ppc64': [ '1.2.4' ],
262 silly audit   '@img/sharp-libvips-linux-riscv64': [ '1.2.4' ],
262 silly audit   '@img/sharp-libvips-linux-s390x': [ '1.2.4' ],
262 silly audit   '@img/sharp-libvips-linux-x64': [ '1.2.4' ],
262 silly audit   '@img/sharp-libvips-linuxmusl-arm64': [ '1.2.4' ],
262 silly audit   '@img/sharp-libvips-linuxmusl-x64': [ '1.2.4' ],
262 silly audit   '@img/sharp-linux-arm': [ '0.34.5' ],
262 silly audit   '@img/sharp-linux-arm64': [ '0.34.5' ],
262 silly audit   '@img/sharp-linux-ppc64': [ '0.34.5' ],
262 silly audit   '@img/sharp-linux-riscv64': [ '0.34.5' ],
262 silly audit   '@img/sharp-linux-s390x': [ '0.34.5' ],
262 silly audit   '@img/sharp-linux-x64': [ '0.34.5' ],
262 silly audit   '@img/sharp-linuxmusl-arm64': [ '0.34.5' ],
262 silly audit   '@img/sharp-linuxmusl-x64': [ '0.34.5' ],
262 silly audit   '@img/sharp-wasm32': [ '0.34.5' ],
262 silly audit   '@img/sharp-win32-arm64': [ '0.34.5' ],
262 silly audit   '@img/sharp-win32-ia32': [ '0.34.5' ],
262 silly audit   '@emnapi/runtime': [ '1.11.1' ]
262 silly audit }
263 http cache @types/node@https://registry.npmjs.org/@types/node/-/node-26.0.1.tgz 0ms (cache hit)
264 http cache @next/env@https://registry.npmjs.org/@next/env/-/env-16.2.9.tgz 0ms (cache hit)
265 http cache baseline-browser-mapping@https://registry.npmjs.org/baseline-browser-mapping/-/baseline-browser-mapping-2.10.38.tgz 1ms (cache hit)
266 http cache undici-types@https://registry.npmjs.org/undici-types/-/undici-types-8.3.0.tgz 0ms (cache hit)
267 http cache @next/swc-win32-x64-msvc@https://registry.npmjs.org/@next/swc-win32-x64-msvc/-/swc-win32-x64-msvc-16.2.9.tgz 0ms (cache hit)
268 http cache typescript@https://registry.npmjs.org/typescript/-/typescript-6.0.3.tgz 0ms (cache hit)
269 silly packumentCache corgi:https://registry.npmjs.org/semver cache-miss
270 http cache next@https://registry.npmjs.org/next/-/next-16.2.9.tgz 0ms (cache hit)
271 http cache motion-utils@https://registry.npmjs.org/motion-utils/-/motion-utils-12.39.0.tgz 0ms (cache hit)
272 silly tarball no local data for @types/node@https://registry.npmjs.org/@types/node/-/node-26.0.1.tgz. Extracting by manifest.
273 silly tarball no local data for @next/env@https://registry.npmjs.org/@next/env/-/env-16.2.9.tgz. Extracting by manifest.
274 silly tarball no local data for baseline-browser-mapping@https://registry.npmjs.org/baseline-browser-mapping/-/baseline-browser-mapping-2.10.38.tgz. Extracting by manifest.
275 silly tarball no local data for undici-types@https://registry.npmjs.org/undici-types/-/undici-types-8.3.0.tgz. Extracting by manifest.
276 silly tarball no local data for @next/swc-win32-x64-msvc@https://registry.npmjs.org/@next/swc-win32-x64-msvc/-/swc-win32-x64-msvc-16.2.9.tgz. Extracting by manifest.
277 silly tarball no local data for typescript@https://registry.npmjs.org/typescript/-/typescript-6.0.3.tgz. Extracting by manifest.
278 silly tarball no local data for next@https://registry.npmjs.org/next/-/next-16.2.9.tgz. Extracting by manifest.
279 silly packumentCache corgi:https://registry.npmjs.org/nanoid cache-miss
280 silly tarball no local data for motion-utils@https://registry.npmjs.org/motion-utils/-/motion-utils-12.39.0.tgz. Extracting by manifest.
281 http cache motion-dom@https://registry.npmjs.org/motion-dom/-/motion-dom-12.41.0.tgz 0ms (cache hit)
282 http cache framer-motion@https://registry.npmjs.org/framer-motion/-/framer-motion-12.41.0.tgz 0ms (cache hit)
283 silly tarball no local data for motion-dom@https://registry.npmjs.org/motion-dom/-/motion-dom-12.41.0.tgz. Extracting by manifest.
284 silly tarball no local data for framer-motion@https://registry.npmjs.org/framer-motion/-/framer-motion-12.41.0.tgz. Extracting by manifest.
285 http fetch GET 200 https://registry.npmjs.org/baseline-browser-mapping/-/baseline-browser-mapping-2.10.38.tgz 71ms (cache miss)
286 http fetch GET 200 https://registry.npmjs.org/@next/env/-/env-16.2.9.tgz 71ms (cache miss)
287 http fetch GET 200 https://registry.npmjs.org/nanoid 111ms (cache miss)
288 silly packumentCache corgi:https://registry.npmjs.org/nanoid set size:undefined disposed:false
289 http fetch GET 200 https://registry.npmjs.org/semver 132ms (cache miss)
290 silly packumentCache corgi:https://registry.npmjs.org/semver set size:undefined disposed:false
291 http fetch GET 200 https://registry.npmjs.org/nanoid/-/nanoid-3.3.15.tgz 96ms (cache miss)
292 http fetch GET 200 https://registry.npmjs.org/motion-utils/-/motion-utils-12.39.0.tgz 308ms (cache miss)
293 http fetch GET 200 https://registry.npmjs.org/undici-types/-/undici-types-8.3.0.tgz 328ms (cache miss)
294 http fetch GET 200 https://registry.npmjs.org/semver/-/semver-7.8.5.tgz 199ms (cache miss)
295 http fetch POST 200 https://registry.npmjs.org/-/npm/v1/security/advisories/bulk 346ms
296 silly audit report {
296 silly audit report   postcss: [
296 silly audit report     {
296 silly audit report       id: 1117015,
296 silly audit report       url: 'https://github.com/advisories/GHSA-qx2v-qp2m-jg93',
296 silly audit report       title: 'PostCSS has XSS via Unescaped </style> in its CSS Stringify Output',
296 silly audit report       severity: 'moderate',
296 silly audit report       vulnerable_versions: '<8.5.10',
296 silly audit report       cwe: [Array],
296 silly audit report       cvss: [Object]
296 silly audit report     }
296 silly audit report   ]
296 silly audit report }
297 silly packumentCache corgi:https://registry.npmjs.org/postcss cache-miss
298 http fetch GET 200 https://registry.npmjs.org/@types/node/-/node-26.0.1.tgz 372ms (cache miss)
299 http fetch GET 200 https://registry.npmjs.org/postcss 142ms (cache miss)
300 silly packumentCache corgi:https://registry.npmjs.org/postcss set size:undefined disposed:false
301 silly packumentCache corgi:https://registry.npmjs.org/next cache-miss
302 http fetch GET 200 https://registry.npmjs.org/next 1000ms (cache miss)
303 silly packumentCache corgi:https://registry.npmjs.org/next set size:undefined disposed:false
304 http fetch GET 200 https://registry.npmjs.org/framer-motion/-/framer-motion-12.41.0.tgz 1872ms (cache miss)
305 http fetch GET 200 https://registry.npmjs.org/typescript/-/typescript-6.0.3.tgz 1930ms (cache miss)
306 http fetch GET 200 https://registry.npmjs.org/motion-dom/-/motion-dom-12.41.0.tgz 2044ms (cache miss)
307 http fetch GET 200 https://registry.npmjs.org/@next/swc-win32-x64-msvc/-/swc-win32-x64-msvc-16.2.9.tgz 8592ms (cache miss)
308 http fetch GET 200 https://registry.npmjs.org/next/-/next-16.2.9.tgz 17609ms (cache miss)
309 silly ADD node_modules/baseline-browser-mapping
310 silly CHANGE node_modules/@types/node
311 silly CHANGE node_modules/@next/env
312 silly CHANGE node_modules/undici-types
313 silly CHANGE node_modules/@next/swc-win32-x64-msvc
314 silly REMOVE node_modules/@swc/counter
315 silly CHANGE node_modules/typescript
316 silly REMOVE node_modules/streamsearch
317 silly CHANGE node_modules/semver
318 silly REMOVE node_modules/busboy
319 silly CHANGE node_modules/next
320 silly CHANGE node_modules/motion-utils
321 silly CHANGE node_modules/nanoid
322 silly CHANGE node_modules/framer-motion
323 silly CHANGE node_modules/motion-dom
324 verbose cwd C:\Users\Ferdi\Desktop\NFC Family new
325 verbose os Windows_NT 10.0.26200
326 verbose node v24.14.1
327 verbose npm  v11.11.0
328 verbose exit 0
329 info ok
