0 verbose cli C:\Program Files\nodejs\node.exe C:\Program Files\nodejs\node_modules\npm\bin\npm-cli.js
1 info using npm@11.11.0
2 info using node@v24.14.1
3 silly config load:file:C:\Program Files\nodejs\node_modules\npm\npmrc
4 silly config load:file:C:\Users\Ferdi\Desktop\NFC Family new\.npmrc
5 silly config load:file:C:\Users\Ferdi\.npmrc
6 silly config load:file:C:\Users\Ferdi\AppData\Roaming\npm\etc\npmrc
7 verbose title npm audit
8 verbose argv "audit" "--json"
9 verbose logfile logs-max:10 dir:C:\Users\Ferdi\Desktop\NFC Family new\.npm-cache\_logs\2026-06-25T08_22_29_930Z-
10 verbose logfile C:\Users\Ferdi\Desktop\NFC Family new\.npm-cache\_logs\2026-06-25T08_22_29_930Z-debug-0.log
11 silly logfile start cleaning logs, removing 1 files
12 silly packumentCache heap:4496293888 maxSize:1124073472 maxEntrySize:562036736
13 silly logfile done cleaning log files
14 silly audit bulk request {
14 silly audit   '@emnapi/runtime': [ '1.11.1' ],
14 silly audit   '@img/colour': [ '1.1.0' ],
14 silly audit   '@img/sharp-darwin-arm64': [ '0.34.5' ],
14 silly audit   '@img/sharp-darwin-x64': [ '0.34.5' ],
14 silly audit   '@img/sharp-libvips-darwin-arm64': [ '1.2.4' ],
14 silly audit   '@img/sharp-libvips-darwin-x64': [ '1.2.4' ],
14 silly audit   '@img/sharp-libvips-linux-arm': [ '1.2.4' ],
14 silly audit   '@img/sharp-libvips-linux-arm64': [ '1.2.4' ],
14 silly audit   '@img/sharp-libvips-linux-ppc64': [ '1.2.4' ],
14 silly audit   '@img/sharp-libvips-linux-riscv64': [ '1.2.4' ],
14 silly audit   '@img/sharp-libvips-linux-s390x': [ '1.2.4' ],
14 silly audit   '@img/sharp-libvips-linux-x64': [ '1.2.4' ],
14 silly audit   '@img/sharp-libvips-linuxmusl-arm64': [ '1.2.4' ],
14 silly audit   '@img/sharp-libvips-linuxmusl-x64': [ '1.2.4' ],
14 silly audit   '@img/sharp-linux-arm': [ '0.34.5' ],
14 silly audit   '@img/sharp-linux-arm64': [ '0.34.5' ],
14 silly audit   '@img/sharp-linux-ppc64': [ '0.34.5' ],
14 silly audit   '@img/sharp-linux-riscv64': [ '0.34.5' ],
14 silly audit   '@img/sharp-linux-s390x': [ '0.34.5' ],
14 silly audit   '@img/sharp-linux-x64': [ '0.34.5' ],
14 silly audit   '@img/sharp-linuxmusl-arm64': [ '0.34.5' ],
14 silly audit   '@img/sharp-linuxmusl-x64': [ '0.34.5' ],
14 silly audit   '@img/sharp-wasm32': [ '0.34.5' ],
14 silly audit   '@img/sharp-win32-arm64': [ '0.34.5' ],
14 silly audit   '@img/sharp-win32-ia32': [ '0.34.5' ],
14 silly audit   '@img/sharp-win32-x64': [ '0.34.5' ],
14 silly audit   '@next/env': [ '16.2.9' ],
14 silly audit   '@next/swc-darwin-arm64': [ '16.2.9' ],
14 silly audit   '@next/swc-darwin-x64': [ '16.2.9' ],
14 silly audit   '@next/swc-linux-arm64-gnu': [ '16.2.9' ],
14 silly audit   '@next/swc-linux-arm64-musl': [ '16.2.9' ],
14 silly audit   '@next/swc-linux-x64-gnu': [ '16.2.9' ],
14 silly audit   '@next/swc-linux-x64-musl': [ '16.2.9' ],
14 silly audit   '@next/swc-win32-arm64-msvc': [ '16.2.9' ],
14 silly audit   '@next/swc-win32-x64-msvc': [ '16.2.9' ],
14 silly audit   '@swc/helpers': [ '0.5.15' ],
14 silly audit   '@types/node': [ '26.0.1' ],
14 silly audit   '@types/react': [ '19.2.17' ],
14 silly audit   '@types/react-dom': [ '19.2.3' ],
14 silly audit   'baseline-browser-mapping': [ '2.10.38' ],
14 silly audit   'caniuse-lite': [ '1.0.30001799' ],
14 silly audit   'client-only': [ '0.0.1' ],
14 silly audit   csstype: [ '3.2.3' ],
14 silly audit   'detect-libc': [ '2.1.2' ],
14 silly audit   'framer-motion': [ '12.41.0' ],
14 silly audit   'motion-dom': [ '12.41.0' ],
14 silly audit   'motion-utils': [ '12.39.0' ],
14 silly audit   nanoid: [ '3.3.15' ],
14 silly audit   next: [ '16.2.9' ],
14 silly audit   picocolors: [ '1.1.1' ],
14 silly audit   postcss: [ '8.4.31' ],
14 silly audit   react: [ '19.2.7' ],
14 silly audit   'react-dom': [ '19.2.7' ],
14 silly audit   scheduler: [ '0.27.0' ],
14 silly audit   semver: [ '7.8.5' ],
14 silly audit   sharp: [ '0.34.5' ],
14 silly audit   'source-map-js': [ '1.2.1' ],
14 silly audit   'styled-jsx': [ '5.1.6' ],
14 silly audit   tslib: [ '2.8.1' ],
14 silly audit   typescript: [ '6.0.3' ],
14 silly audit   'undici-types': [ '8.3.0' ]
14 silly audit }
15 http fetch POST 200 https://registry.npmjs.org/-/npm/v1/security/advisories/bulk 425ms
16 silly audit report {
16 silly audit report   postcss: [
16 silly audit report     {
16 silly audit report       id: 1117015,
16 silly audit report       url: 'https://github.com/advisories/GHSA-qx2v-qp2m-jg93',
16 silly audit report       title: 'PostCSS has XSS via Unescaped </style> in its CSS Stringify Output',
16 silly audit report       severity: 'moderate',
16 silly audit report       vulnerable_versions: '<8.5.10',
16 silly audit report       cwe: [Array],
16 silly audit report       cvss: [Object]
16 silly audit report     }
16 silly audit report   ]
16 silly audit report }
17 silly packumentCache corgi:https://registry.npmjs.org/postcss cache-miss
18 http cache https://registry.npmjs.org/postcss 7ms (cache hit)
19 silly packumentCache corgi:https://registry.npmjs.org/postcss set size:344717 disposed:false
20 silly packumentCache corgi:https://registry.npmjs.org/next cache-miss
21 http cache https://registry.npmjs.org/next 31ms (cache hit)
22 silly packumentCache corgi:https://registry.npmjs.org/next set size:25325533 disposed:false
23 verbose cwd C:\Users\Ferdi\Desktop\NFC Family new
24 verbose os Windows_NT 10.0.26200
25 verbose node v24.14.1
26 verbose npm  v11.11.0
27 verbose exit 1
28 verbose code 1
