0 verbose cli C:\Program Files\nodejs\node.exe C:\Program Files\nodejs\node_modules\npm\bin\npm-cli.js
1 info using npm@11.11.0
2 info using node@v24.14.1
3 silly config load:file:C:\Program Files\nodejs\node_modules\npm\npmrc
4 silly config load:file:C:\Users\Ferdi\Desktop\NFC Family new\.npmrc
5 silly config load:file:C:\Users\Ferdi\.npmrc
6 silly config load:file:C:\Users\Ferdi\AppData\Roaming\npm\etc\npmrc
7 verbose title npm install
8 verbose argv "install" "--package-lock-only"
9 verbose logfile logs-max:10 dir:C:\Users\Ferdi\Desktop\NFC Family new\.npm-cache\_logs\2026-06-25T08_20_45_521Z-
10 verbose logfile C:\Users\Ferdi\Desktop\NFC Family new\.npm-cache\_logs\2026-06-25T08_20_45_521Z-debug-0.log
11 silly logfile done cleaning log files
12 silly packumentCache heap:4496293888 maxSize:1124073472 maxEntrySize:562036736
13 silly idealTree buildDeps
14 silly fetch manifest @next/swc-darwin-arm64@16.2.9
15 silly packumentCache full:https://registry.npmjs.org/@next%2fswc-darwin-arm64 cache-miss
16 http cache https://registry.npmjs.org/@next%2fswc-darwin-arm64 14ms (cache hit)
17 silly packumentCache full:https://registry.npmjs.org/@next%2fswc-darwin-arm64 set size:5359841 disposed:false
18 silly fetch manifest @next/swc-darwin-x64@16.2.9
19 silly packumentCache full:https://registry.npmjs.org/@next%2fswc-darwin-x64 cache-miss
20 http cache https://registry.npmjs.org/@next%2fswc-darwin-x64 10ms (cache hit)
21 silly packumentCache full:https://registry.npmjs.org/@next%2fswc-darwin-x64 set size:5301998 disposed:false
22 silly fetch manifest @next/swc-linux-arm64-gnu@16.2.9
23 silly packumentCache full:https://registry.npmjs.org/@next%2fswc-linux-arm64-gnu cache-miss
24 http cache https://registry.npmjs.org/@next%2fswc-linux-arm64-gnu 9ms (cache hit)
25 silly packumentCache full:https://registry.npmjs.org/@next%2fswc-linux-arm64-gnu set size:5214123 disposed:false
26 silly fetch manifest @next/swc-linux-arm64-musl@16.2.9
27 silly packumentCache full:https://registry.npmjs.org/@next%2fswc-linux-arm64-musl cache-miss
28 http cache https://registry.npmjs.org/@next%2fswc-linux-arm64-musl 12ms (cache hit)
29 silly packumentCache full:https://registry.npmjs.org/@next%2fswc-linux-arm64-musl set size:5232425 disposed:false
30 silly fetch manifest @next/swc-linux-x64-gnu@16.2.9
31 silly packumentCache full:https://registry.npmjs.org/@next%2fswc-linux-x64-gnu cache-miss
32 http cache https://registry.npmjs.org/@next%2fswc-linux-x64-gnu 9ms (cache hit)
33 silly packumentCache full:https://registry.npmjs.org/@next%2fswc-linux-x64-gnu set size:5410411 disposed:false
34 silly fetch manifest @next/swc-linux-x64-musl@16.2.9
35 silly packumentCache full:https://registry.npmjs.org/@next%2fswc-linux-x64-musl cache-miss
36 http cache https://registry.npmjs.org/@next%2fswc-linux-x64-musl 10ms (cache hit)
37 silly packumentCache full:https://registry.npmjs.org/@next%2fswc-linux-x64-musl set size:5166340 disposed:false
38 silly fetch manifest @next/swc-win32-arm64-msvc@16.2.9
39 silly packumentCache full:https://registry.npmjs.org/@next%2fswc-win32-arm64-msvc cache-miss
40 http cache https://registry.npmjs.org/@next%2fswc-win32-arm64-msvc 11ms (cache hit)
41 silly packumentCache full:https://registry.npmjs.org/@next%2fswc-win32-arm64-msvc set size:5195731 disposed:false
42 silly placeDep ROOT @next/swc-darwin-arm64@16.2.9 OK for: next@16.2.9 want: 16.2.9
43 silly placeDep ROOT @next/swc-darwin-x64@16.2.9 OK for: next@16.2.9 want: 16.2.9
44 silly placeDep ROOT @next/swc-linux-arm64-gnu@16.2.9 OK for: next@16.2.9 want: 16.2.9
45 silly placeDep ROOT @next/swc-linux-arm64-musl@16.2.9 OK for: next@16.2.9 want: 16.2.9
46 silly placeDep ROOT @next/swc-linux-x64-gnu@16.2.9 OK for: next@16.2.9 want: 16.2.9
47 silly placeDep ROOT @next/swc-linux-x64-musl@16.2.9 OK for: next@16.2.9 want: 16.2.9
48 silly placeDep ROOT @next/swc-win32-arm64-msvc@16.2.9 OK for: next@16.2.9 want: 16.2.9
49 silly fetch manifest @img/sharp-darwin-arm64@0.34.5
50 silly packumentCache full:https://registry.npmjs.org/@img%2fsharp-darwin-arm64 cache-miss
51 http cache https://registry.npmjs.org/@img%2fsharp-darwin-arm64 4ms (cache hit)
52 silly packumentCache full:https://registry.npmjs.org/@img%2fsharp-darwin-arm64 set size:99717 disposed:false
53 silly fetch manifest @img/sharp-darwin-x64@0.34.5
54 silly packumentCache full:https://registry.npmjs.org/@img%2fsharp-darwin-x64 cache-miss
55 http cache https://registry.npmjs.org/@img%2fsharp-darwin-x64 2ms (cache hit)
56 silly packumentCache full:https://registry.npmjs.org/@img%2fsharp-darwin-x64 set size:98412 disposed:false
57 silly fetch manifest @img/sharp-libvips-darwin-arm64@1.2.4
58 silly packumentCache full:https://registry.npmjs.org/@img%2fsharp-libvips-darwin-arm64 cache-miss
59 http cache https://registry.npmjs.org/@img%2fsharp-libvips-darwin-arm64 3ms (cache hit)
60 silly packumentCache full:https://registry.npmjs.org/@img%2fsharp-libvips-darwin-arm64 set size:79799 disposed:false
61 silly fetch manifest @img/sharp-libvips-darwin-x64@1.2.4
62 silly packumentCache full:https://registry.npmjs.org/@img%2fsharp-libvips-darwin-x64 cache-miss
63 http cache https://registry.npmjs.org/@img%2fsharp-libvips-darwin-x64 3ms (cache hit)
64 silly packumentCache full:https://registry.npmjs.org/@img%2fsharp-libvips-darwin-x64 set size:78944 disposed:false
65 silly fetch manifest @img/sharp-libvips-linux-arm@1.2.4
66 silly packumentCache full:https://registry.npmjs.org/@img%2fsharp-libvips-linux-arm cache-miss
67 http cache https://registry.npmjs.org/@img%2fsharp-libvips-linux-arm 3ms (cache hit)
68 silly packumentCache full:https://registry.npmjs.org/@img%2fsharp-libvips-linux-arm set size:86231 disposed:false
69 silly fetch manifest @img/sharp-libvips-linux-arm64@1.2.4
70 silly packumentCache full:https://registry.npmjs.org/@img%2fsharp-libvips-linux-arm64 cache-miss
71 http cache https://registry.npmjs.org/@img%2fsharp-libvips-linux-arm64 3ms (cache hit)
72 silly packumentCache full:https://registry.npmjs.org/@img%2fsharp-libvips-linux-arm64 set size:83271 disposed:false
73 silly fetch manifest @img/sharp-libvips-linux-ppc64@1.2.4
74 silly packumentCache full:https://registry.npmjs.org/@img%2fsharp-libvips-linux-ppc64 cache-miss
75 http cache https://registry.npmjs.org/@img%2fsharp-libvips-linux-ppc64 2ms (cache hit)
76 silly packumentCache full:https://registry.npmjs.org/@img%2fsharp-libvips-linux-ppc64 set size:68324 disposed:false
77 silly fetch manifest @img/sharp-libvips-linux-riscv64@1.2.4
78 silly packumentCache full:https://registry.npmjs.org/@img%2fsharp-libvips-linux-riscv64 cache-miss
79 http cache https://registry.npmjs.org/@img%2fsharp-libvips-linux-riscv64 2ms (cache hit)
80 silly packumentCache full:https://registry.npmjs.org/@img%2fsharp-libvips-linux-riscv64 set size:54482 disposed:false
81 silly fetch manifest @img/sharp-libvips-linux-s390x@1.2.4
82 silly packumentCache full:https://registry.npmjs.org/@img%2fsharp-libvips-linux-s390x cache-miss
83 http cache https://registry.npmjs.org/@img%2fsharp-libvips-linux-s390x 2ms (cache hit)
84 silly packumentCache full:https://registry.npmjs.org/@img%2fsharp-libvips-linux-s390x set size:77293 disposed:false
85 silly fetch manifest @img/sharp-libvips-linux-x64@1.2.4
86 silly packumentCache full:https://registry.npmjs.org/@img%2fsharp-libvips-linux-x64 cache-miss
87 http cache https://registry.npmjs.org/@img%2fsharp-libvips-linux-x64 2ms (cache hit)
88 silly packumentCache full:https://registry.npmjs.org/@img%2fsharp-libvips-linux-x64 set size:82090 disposed:false
89 silly fetch manifest @img/sharp-libvips-linuxmusl-arm64@1.2.4
90 silly packumentCache full:https://registry.npmjs.org/@img%2fsharp-libvips-linuxmusl-arm64 cache-miss
91 http cache https://registry.npmjs.org/@img%2fsharp-libvips-linuxmusl-arm64 2ms (cache hit)
92 silly packumentCache full:https://registry.npmjs.org/@img%2fsharp-libvips-linuxmusl-arm64 set size:82386 disposed:false
93 silly fetch manifest @img/sharp-libvips-linuxmusl-x64@1.2.4
94 silly packumentCache full:https://registry.npmjs.org/@img%2fsharp-libvips-linuxmusl-x64 cache-miss
95 http cache https://registry.npmjs.org/@img%2fsharp-libvips-linuxmusl-x64 2ms (cache hit)
96 silly packumentCache full:https://registry.npmjs.org/@img%2fsharp-libvips-linuxmusl-x64 set size:79361 disposed:false
97 silly fetch manifest @img/sharp-linux-arm@0.34.5
98 silly packumentCache full:https://registry.npmjs.org/@img%2fsharp-linux-arm cache-miss
99 http cache https://registry.npmjs.org/@img%2fsharp-linux-arm 2ms (cache hit)
100 silly packumentCache full:https://registry.npmjs.org/@img%2fsharp-linux-arm set size:96501 disposed:false
101 silly fetch manifest @img/sharp-linux-arm64@0.34.5
102 silly packumentCache full:https://registry.npmjs.org/@img%2fsharp-linux-arm64 cache-miss
103 http cache https://registry.npmjs.org/@img%2fsharp-linux-arm64 3ms (cache hit)
104 silly packumentCache full:https://registry.npmjs.org/@img%2fsharp-linux-arm64 set size:97289 disposed:false
105 silly fetch manifest @img/sharp-linux-ppc64@0.34.5
106 silly packumentCache full:https://registry.npmjs.org/@img%2fsharp-linux-ppc64 cache-miss
107 http cache https://registry.npmjs.org/@img%2fsharp-linux-ppc64 3ms (cache hit)
108 silly packumentCache full:https://registry.npmjs.org/@img%2fsharp-linux-ppc64 set size:61920 disposed:false
109 silly fetch manifest @img/sharp-linux-riscv64@0.34.5
110 silly packumentCache full:https://registry.npmjs.org/@img%2fsharp-linux-riscv64 cache-miss
111 http cache https://registry.npmjs.org/@img%2fsharp-linux-riscv64 2ms (cache hit)
112 silly packumentCache full:https://registry.npmjs.org/@img%2fsharp-linux-riscv64 set size:39355 disposed:false
113 silly fetch manifest @img/sharp-linux-s390x@0.34.5
114 silly packumentCache full:https://registry.npmjs.org/@img%2fsharp-linux-s390x cache-miss
115 http cache https://registry.npmjs.org/@img%2fsharp-linux-s390x 2ms (cache hit)
116 silly packumentCache full:https://registry.npmjs.org/@img%2fsharp-linux-s390x set size:95183 disposed:false
117 silly fetch manifest @img/sharp-linux-x64@0.34.5
118 silly packumentCache full:https://registry.npmjs.org/@img%2fsharp-linux-x64 cache-miss
119 http cache https://registry.npmjs.org/@img%2fsharp-linux-x64 3ms (cache hit)
120 silly packumentCache full:https://registry.npmjs.org/@img%2fsharp-linux-x64 set size:96033 disposed:false
121 silly fetch manifest @img/sharp-linuxmusl-arm64@0.34.5
122 silly packumentCache full:https://registry.npmjs.org/@img%2fsharp-linuxmusl-arm64 cache-miss
123 http cache https://registry.npmjs.org/@img%2fsharp-linuxmusl-arm64 2ms (cache hit)
124 silly packumentCache full:https://registry.npmjs.org/@img%2fsharp-linuxmusl-arm64 set size:98805 disposed:false
125 silly fetch manifest @img/sharp-linuxmusl-x64@0.34.5
126 silly packumentCache full:https://registry.npmjs.org/@img%2fsharp-linuxmusl-x64 cache-miss
127 http cache https://registry.npmjs.org/@img%2fsharp-linuxmusl-x64 3ms (cache hit)
128 silly packumentCache full:https://registry.npmjs.org/@img%2fsharp-linuxmusl-x64 set size:97540 disposed:false
129 silly fetch manifest @img/sharp-wasm32@0.34.5
130 silly packumentCache full:https://registry.npmjs.org/@img%2fsharp-wasm32 cache-miss
131 http cache https://registry.npmjs.org/@img%2fsharp-wasm32 2ms (cache hit)
132 silly packumentCache full:https://registry.npmjs.org/@img%2fsharp-wasm32 set size:93299 disposed:false
133 silly fetch manifest @img/sharp-win32-arm64@0.34.5
134 silly packumentCache full:https://registry.npmjs.org/@img%2fsharp-win32-arm64 cache-miss
135 http cache https://registry.npmjs.org/@img%2fsharp-win32-arm64 3ms (cache hit)
136 silly packumentCache full:https://registry.npmjs.org/@img%2fsharp-win32-arm64 set size:57391 disposed:false
137 silly fetch manifest @img/sharp-win32-ia32@0.34.5
138 silly packumentCache full:https://registry.npmjs.org/@img%2fsharp-win32-ia32 cache-miss
139 http cache https://registry.npmjs.org/@img%2fsharp-win32-ia32 4ms (cache hit)
140 silly packumentCache full:https://registry.npmjs.org/@img%2fsharp-win32-ia32 set size:98419 disposed:false
141 silly placeDep ROOT @img/sharp-darwin-arm64@0.34.5 OK for: sharp@0.34.5 want: 0.34.5
142 silly placeDep ROOT @img/sharp-darwin-x64@0.34.5 OK for: sharp@0.34.5 want: 0.34.5
143 silly placeDep ROOT @img/sharp-libvips-darwin-arm64@1.2.4 OK for: sharp@0.34.5 want: 1.2.4
144 silly placeDep ROOT @img/sharp-libvips-darwin-x64@1.2.4 OK for: sharp@0.34.5 want: 1.2.4
145 silly placeDep ROOT @img/sharp-libvips-linux-arm@1.2.4 OK for: sharp@0.34.5 want: 1.2.4
146 silly placeDep ROOT @img/sharp-libvips-linux-arm64@1.2.4 OK for: sharp@0.34.5 want: 1.2.4
147 silly placeDep ROOT @img/sharp-libvips-linux-ppc64@1.2.4 OK for: sharp@0.34.5 want: 1.2.4
148 silly placeDep ROOT @img/sharp-libvips-linux-riscv64@1.2.4 OK for: sharp@0.34.5 want: 1.2.4
149 silly placeDep ROOT @img/sharp-libvips-linux-s390x@1.2.4 OK for: sharp@0.34.5 want: 1.2.4
150 silly placeDep ROOT @img/sharp-libvips-linux-x64@1.2.4 OK for: sharp@0.34.5 want: 1.2.4
151 silly placeDep ROOT @img/sharp-libvips-linuxmusl-arm64@1.2.4 OK for: sharp@0.34.5 want: 1.2.4
152 silly placeDep ROOT @img/sharp-libvips-linuxmusl-x64@1.2.4 OK for: sharp@0.34.5 want: 1.2.4
153 silly placeDep ROOT @img/sharp-linux-arm@0.34.5 OK for: sharp@0.34.5 want: 0.34.5
154 silly placeDep ROOT @img/sharp-linux-arm64@0.34.5 OK for: sharp@0.34.5 want: 0.34.5
155 silly placeDep ROOT @img/sharp-linux-ppc64@0.34.5 OK for: sharp@0.34.5 want: 0.34.5
156 silly placeDep ROOT @img/sharp-linux-riscv64@0.34.5 OK for: sharp@0.34.5 want: 0.34.5
157 silly placeDep ROOT @img/sharp-linux-s390x@0.34.5 OK for: sharp@0.34.5 want: 0.34.5
158 silly placeDep ROOT @img/sharp-linux-x64@0.34.5 OK for: sharp@0.34.5 want: 0.34.5
159 silly placeDep ROOT @img/sharp-linuxmusl-arm64@0.34.5 OK for: sharp@0.34.5 want: 0.34.5
160 silly placeDep ROOT @img/sharp-linuxmusl-x64@0.34.5 OK for: sharp@0.34.5 want: 0.34.5
161 silly placeDep ROOT @img/sharp-wasm32@0.34.5 OK for: sharp@0.34.5 want: 0.34.5
162 silly placeDep ROOT @img/sharp-win32-arm64@0.34.5 OK for: sharp@0.34.5 want: 0.34.5
163 silly placeDep ROOT @img/sharp-win32-ia32@0.34.5 OK for: sharp@0.34.5 want: 0.34.5
164 silly fetch manifest @emnapi/runtime@^1.7.0
165 silly packumentCache full:https://registry.npmjs.org/@emnapi%2fruntime cache-miss
166 http cache https://registry.npmjs.org/@emnapi%2fruntime 3ms (cache hit)
167 silly packumentCache full:https://registry.npmjs.org/@emnapi%2fruntime set size:116352 disposed:false
168 silly placeDep ROOT @emnapi/runtime@1.11.1 OK for: @img/sharp-wasm32@0.34.5 want: ^1.7.0
169 silly audit bulk request {
169 silly audit   '@img/colour': [ '1.1.0' ],
169 silly audit   '@img/sharp-win32-x64': [ '0.34.5' ],
169 silly audit   '@next/env': [ '16.2.9' ],
169 silly audit   '@next/swc-win32-x64-msvc': [ '16.2.9' ],
169 silly audit   '@swc/helpers': [ '0.5.15' ],
169 silly audit   '@types/node': [ '26.0.1' ],
169 silly audit   '@types/react': [ '19.2.17' ],
169 silly audit   '@types/react-dom': [ '19.2.3' ],
169 silly audit   'baseline-browser-mapping': [ '2.10.38' ],
169 silly audit   'caniuse-lite': [ '1.0.30001799' ],
169 silly audit   'client-only': [ '0.0.1' ],
169 silly audit   csstype: [ '3.2.3' ],
169 silly audit   'detect-libc': [ '2.1.2' ],
169 silly audit   'framer-motion': [ '12.41.0' ],
169 silly audit   'motion-dom': [ '12.41.0' ],
169 silly audit   'motion-utils': [ '12.39.0' ],
169 silly audit   nanoid: [ '3.3.15' ],
169 silly audit   next: [ '16.2.9' ],
169 silly audit   picocolors: [ '1.1.1' ],
169 silly audit   postcss: [ '8.4.31' ],
169 silly audit   react: [ '19.2.7' ],
169 silly audit   'react-dom': [ '19.2.7' ],
169 silly audit   scheduler: [ '0.27.0' ],
169 silly audit   semver: [ '7.8.5' ],
169 silly audit   sharp: [ '0.34.5' ],
169 silly audit   'source-map-js': [ '1.2.1' ],
169 silly audit   'styled-jsx': [ '5.1.6' ],
169 silly audit   tslib: [ '2.8.1' ],
169 silly audit   typescript: [ '6.0.3' ],
169 silly audit   'undici-types': [ '8.3.0' ],
169 silly audit   '@next/swc-darwin-arm64': [ '16.2.9' ],
169 silly audit   '@next/swc-darwin-x64': [ '16.2.9' ],
169 silly audit   '@next/swc-linux-arm64-gnu': [ '16.2.9' ],
169 silly audit   '@next/swc-linux-arm64-musl': [ '16.2.9' ],
169 silly audit   '@next/swc-linux-x64-gnu': [ '16.2.9' ],
169 silly audit   '@next/swc-linux-x64-musl': [ '16.2.9' ],
169 silly audit   '@next/swc-win32-arm64-msvc': [ '16.2.9' ],
169 silly audit   '@img/sharp-darwin-arm64': [ '0.34.5' ],
169 silly audit   '@img/sharp-darwin-x64': [ '0.34.5' ],
169 silly audit   '@img/sharp-libvips-darwin-arm64': [ '1.2.4' ],
169 silly audit   '@img/sharp-libvips-darwin-x64': [ '1.2.4' ],
169 silly audit   '@img/sharp-libvips-linux-arm': [ '1.2.4' ],
169 silly audit   '@img/sharp-libvips-linux-arm64': [ '1.2.4' ],
169 silly audit   '@img/sharp-libvips-linux-ppc64': [ '1.2.4' ],
169 silly audit   '@img/sharp-libvips-linux-riscv64': [ '1.2.4' ],
169 silly audit   '@img/sharp-libvips-linux-s390x': [ '1.2.4' ],
169 silly audit   '@img/sharp-libvips-linux-x64': [ '1.2.4' ],
169 silly audit   '@img/sharp-libvips-linuxmusl-arm64': [ '1.2.4' ],
169 silly audit   '@img/sharp-libvips-linuxmusl-x64': [ '1.2.4' ],
169 silly audit   '@img/sharp-linux-arm': [ '0.34.5' ],
169 silly audit   '@img/sharp-linux-arm64': [ '0.34.5' ],
169 silly audit   '@img/sharp-linux-ppc64': [ '0.34.5' ],
169 silly audit   '@img/sharp-linux-riscv64': [ '0.34.5' ],
169 silly audit   '@img/sharp-linux-s390x': [ '0.34.5' ],
169 silly audit   '@img/sharp-linux-x64': [ '0.34.5' ],
169 silly audit   '@img/sharp-linuxmusl-arm64': [ '0.34.5' ],
169 silly audit   '@img/sharp-linuxmusl-x64': [ '0.34.5' ],
169 silly audit   '@img/sharp-wasm32': [ '0.34.5' ],
169 silly audit   '@img/sharp-win32-arm64': [ '0.34.5' ],
169 silly audit   '@img/sharp-win32-ia32': [ '0.34.5' ],
169 silly audit   '@emnapi/runtime': [ '1.11.1' ]
169 silly audit }
170 http fetch POST 200 https://registry.npmjs.org/-/npm/v1/security/advisories/bulk 567ms
171 silly audit report {
171 silly audit report   postcss: [
171 silly audit report     {
171 silly audit report       id: 1117015,
171 silly audit report       url: 'https://github.com/advisories/GHSA-qx2v-qp2m-jg93',
171 silly audit report       title: 'PostCSS has XSS via Unescaped </style> in its CSS Stringify Output',
171 silly audit report       severity: 'moderate',
171 silly audit report       vulnerable_versions: '<8.5.10',
171 silly audit report       cwe: [Array],
171 silly audit report       cvss: [Object]
171 silly audit report     }
171 silly audit report   ]
171 silly audit report }
172 silly packumentCache corgi:https://registry.npmjs.org/postcss cache-miss
173 http cache https://registry.npmjs.org/postcss 2ms (cache hit)
174 silly packumentCache corgi:https://registry.npmjs.org/postcss set size:344717 disposed:false
175 silly packumentCache corgi:https://registry.npmjs.org/next cache-miss
176 http cache https://registry.npmjs.org/next 30ms (cache hit)
177 silly packumentCache corgi:https://registry.npmjs.org/next set size:25325533 disposed:false
178 verbose cwd C:\Users\Ferdi\Desktop\NFC Family new
179 verbose os Windows_NT 10.0.26200
180 verbose node v24.14.1
181 verbose npm  v11.11.0
182 verbose exit 0
183 info ok
